export const snapshot = {};

snapshot[`isSnapshotMatch 1`] = `
{
  example: 124,
  hello: "world!",
}
`;
